src/components/store/pages/AboutPage.tsx(203,200): error TS2353: Object literal may only specify known properties, and 'ringColor' does not exist in type 'Properties<string | number, string & {}>'.
